3D_Image_Toolkit		47802
AIS-Lite		47803
ASCII_Content_Server		47804
ASL6parse		47805
Accel		47806
Audio_Visualizer		47807
Azurad		47808
Barcoder		47809
BitBlaster		47810
Bloomy_Sunday		47811
Board_Game		47812
BudgIT		47813
CGC_Board		47814
CGC_File_System		47815
CGC_Hangman_Game		47816
CGC_Image_Parser		47817
CGC_Planet_Markup_Language_Parser		47818
CGC_Symbol_Viewer_CSV		47819
CGC_Video_Format_Parser_and_Viewer		47820
CLOUDCOMPUTE		47821
CML		47822
CNMP		47823
COLLIDEOSCOPE		47824
CTTP		47825
CableGrind		47826
CableGrindLlama		47827
Carbonate		47828
Casino_Games		47829
Cereal_Mixup__A_Cereal_Vending_Machine_Controller		47830
Character_Statistics		47831
Charter		47832
Checkmate		47833
Childs_Game		47834
Corinth		47835
Cromulence_All_Service		47836
DFARS_Sample_Service		47837
Diary_Parser		47838
Differ		47839
Diophantine_Password_Wallet		47840
Dive_Logger		47841
Divelogger2		47842
Document_Rendering_Engine		47843
Dungeon_Master		47844
ECM_TCM_Simulator		47845
Eddy		47846
Email_System_2		47847
Enslavednode_chat		47848
Estadio		47849
EternalPass		47850
FASTLANE		47851
FISHYXML		47852
FSK_BBS		47853
FSK_Messaging_Service		47854
FUN		47855
FablesReport		47856
FaceMag		47857
Facilities_Access_Control_System		47858
FailAV		47859
FileSys		47860
Filesystem_Command_Shell		47861
Finicky_File_Folder		47862
Flash_File_System		47863
Flight_Routes		47864
Fortress		47865
GPS_Tracker		47866
GREYMATTER		47867
Game_Night		47868
Glue		47869
GreatView		47870
Gridder		47871
Griswold		47872
Grit		47873
H20FlowInc		47874
HIGHCOO		47875
HackMan		47876
Headscratch		47877
HeartThrob		47878
HighFrequencyTradingAlgo		47879
Hug_Game		47880
INSULATR		47881
Image_Compressor		47882
KTY_Pretty_Printer		47883
Kaprica_Go		47884
Kaprica_Script_Interpreter		47885
LMS		47886
LazyCalc		47887
Lazybox		47888
Loud_Square_Instant_Messaging_Protocol_LSIMP		47889
Matchmaker		47890
Material_Temperature_Simulation		47891
Mathematical_Solver		47892
Matrix_Math_Calculator		47893
Message_Service		47894
Minimalistic_Memo_Manager_3M		47895
Mixology		47896
Modern_Family_Tree		47897
Monster_Game		47898
Mount_Filemore		47899
Movie_Rental_Service		47900
Movie_Rental_Service_Redux		47901
Multi_Arena_Pursuit_Simulator		47902
Multi_User_Calendar		47903
Multicast_Chat_Server		47904
Multipass		47905
Multipass2		47906
Multipass3		47907
Music_Store_Client		47908
NarfAgainShell		47909
NarfRPN		47910
Network_File_System		47911
Network_File_System_v3		47912
Network_Queuing_Simulator		47913
Neural_House		47914
NoHiC		47915
No_Paper._Not_Ever._NOPE		47916
OTPSim		47917
On_Sale		47918
One_Amp		47919
One_Vote		47920
Overflow_Parking		47921
PCM_Message_decoder		47922
PKK_Steganography		47923
PRU		47924
PTaaS		47925
Pac_for_Edges		47926
Packet_Analyzer		47927
Packet_Receiver		47928
Palindrome		47929
Palindrome2		47930
Parking_Permit_Management_System_PPMS		47931
Particle_Simulator		47932
Pattern_Finder		47933
Personal_Fitness_Manager		47934
Printer		47935
QUIETSQUARE		47936
QuadtreeConways		47937
Query_Calculator		47938
RAM_based_filesystem		47939
REMATCH_2--Mail_Server--Crackaddr		47940
REMATCH_3--Address_Resolution_Service--SQL_Slammer		47941
REMATCH_4--CGCRPC_Server--MS08-067		47942
REMATCH_5--File_Explorer--LNK_Bug		47943
REMATCH_6--Secure_Server--Heartbleed		47944
RRPN		47945
Recipe_Database		47946
Recipe_and_Pantry_Manager		47947
Rejistar		47948
Resort_Modeller		47949
SAuth		47950
SCUBA_Dive_Logging		47951
SFTSCBSISS		47952
SIGSEGV		47953
SLUR_reference_implementation		47954
SOLFEDGE		47955
SPIFFS		47956
Sad_Face_Template_Engine_SFTE		47957
Sample_Shipgame		47958
Scrum_Database		47959
Secure_Compression		47960
Sensr		47961
Shortest_Path_Tree_Calculator		47962
ShoutCTF		47963
Simple_Stack_Machine		47964
Single-Sign-On		47965
Snail_Mail		47966
Sorter		47967
Space_Attackers		47968
Square_Rabbit		47969
Stock_Exchange_Simulator		47970
Street_map_service		47971
String_Info_Calculator		47972
String_Storage_and_Retrieval		47973
TAINTEDLOVE		47974
TFTTP		47975
TIACA		47976
TVS		47977
Tennis_Ball_Motion_Calculator		47978
Terrible_Ticket_Tracker		47979
TextSearch		47980
The_Longest_Road		47981
Thermal_Controller_v2		47982
Thermal_Controller_v3		47983
Tick-A-Tack		47984
UTF-late		47985
User_Manager		47986
ValveChecks		47987
Vector_Graphics_2		47988
Vector_Graphics_Format		47989
Venture_Calculator		47990
Virtual_Machine		47991
Water_Treatment_Facility_Simulator		47992
WhackJack		47993
WordCompletion		47994
XStore		47995
anagram_game		47996
basic_emulator		47997
basic_messaging		47998
chess_mimic		47999
cotton_swab_arithmetic		48000
cyber_blogger		48001
electronictrading		48002
expression_database		48003
greeter		48004
hawaii_sets		48005
humaninterface		48006
matrices_for_sale		48007
middleout		48008
middleware_handshake		48009
netstorage		48010
online_job_application		48011
online_job_application2		48012
payroll		48013
pizza_ordering_system		48014
reallystream		48015
root64_and_parcour		48016
router_simulator		48017
simpleOCR		48018
simple_integer_calculator		48019
simplenote		48020
stack_vm		48021
stream_vm		48022
stream_vm2		48023
university_enrollment		48024
vFilter		48025
virtual_pet		48026
yolodex		48027
